
> personal-website-next@0.1.0 build
> next build --no-lint

 ⚠ Linting is disabled.
   ▲ Next.js 15.5.6
   - Experiments (use with caution):
     · serverActions
     ✓ webpackMemoryOptimizations

   Creating an optimized production build ...
 ✓ Compiled successfully in 7.5s
   Skipping validation of types
   Collecting page data ...
[BUILD] Skipping Firebase initialization during build phase
[BUILD] Skipping Firebase initialization during build phase
[BUILD] Skipping Firebase initialization during build phase
[BUILD] Skipping Firebase initialization during build phase
[BUILD] Skipping Firebase initialization during build phase
[BUILD] Skipping Firebase initialization during build phase
FIREBASE_PROJECT_ID is not set in environment variables
FIREBASE_CLIENT_EMAIL is not set in environment variables
FIREBASE_PRIVATE_KEY is not set in environment variables
 ⚠ Using edge runtime on a page currently disables static generation for that page
FIREBASE_PROJECT_ID is not set in environment variables
FIREBASE_CLIENT_EMAIL is not set in environment variables
FIREBASE_PRIVATE_KEY is not set in environment variables
FIREBASE_PROJECT_ID is not set in environment variables
FIREBASE_CLIENT_EMAIL is not set in environment variables
FIREBASE_PRIVATE_KEY is not set in environment variables
FIREBASE_PROJECT_ID is not set in environment variables
FIREBASE_CLIENT_EMAIL is not set in environment variables
FIREBASE_PRIVATE_KEY is not set in environment variables
FIREBASE_PROJECT_ID is not set in environment variables
FIREBASE_CLIENT_EMAIL is not set in environment variables
FIREBASE_PRIVATE_KEY is not set in environment variables
FIREBASE_PROJECT_ID is not set in environment variables
FIREBASE_CLIENT_EMAIL is not set in environment variables
FIREBASE_PRIVATE_KEY is not set in environment variables
FIREBASE_PROJECT_ID is not set in environment variables
FIREBASE_CLIENT_EMAIL is not set in environment variables
FIREBASE_PRIVATE_KEY is not set in environment variables
Error: Firebase Admin is not properly configured. Check environment variables.
    at <unknown> (.next/server/chunks/3513.js:1:1192)
    at i (.next/server/chunks/3513.js:1:1822)
    at <unknown> (.next/server/app/api/announcements/route.js:1:921)

> Build error occurred
[Error: Failed to collect page data for /api/announcements] {
  type: 'Error'
}
