
> personal-website-next@0.1.0 build
> next build --no-lint

 ⚠ Linting is disabled.
   ▲ Next.js 15.5.6
   - Experiments (use with caution):
     · serverActions
     ✓ webpackMemoryOptimizations

   Creating an optimized production build ...
 ✓ Compiled successfully in 7.7s
   Skipping validation of types
   Collecting page data ...
[BUILD] Skipping Firebase initialization during build phase
[BUILD] Skipping Firebase initialization during build phase
[BUILD] Skipping Firebase initialization during build phase
[BUILD] Skipping Firebase initialization during build phase
[BUILD] Skipping Firebase initialization during build phase
[BUILD] Skipping Firebase initialization during build phase
[BUILD] Skipping Firebase initialization during build phase
 ⚠ Using edge runtime on a page currently disables static generation for that page
FIREBASE_PROJECT_ID is not set in environment variables
FIREBASE_CLIENT_EMAIL is not set in environment variables
FIREBASE_PRIVATE_KEY is not set in environment variables
FIREBASE_PROJECT_ID is not set in environment variables
FIREBASE_CLIENT_EMAIL is not set in environment variables
FIREBASE_PRIVATE_KEY is not set in environment variables
FIREBASE_PROJECT_ID is not set in environment variables
FIREBASE_CLIENT_EMAIL is not set in environment variables
FIREBASE_PRIVATE_KEY is not set in environment variables
FIREBASE_PROJECT_ID is not set in environment variables
FIREBASE_CLIENT_EMAIL is not set in environment variables
FIREBASE_PRIVATE_KEY is not set in environment variables
FIREBASE_PROJECT_ID is not set in environment variables
FIREBASE_CLIENT_EMAIL is not set in environment variables
FIREBASE_PRIVATE_KEY is not set in environment variables
FIREBASE_PROJECT_ID is not set in environment variables
FIREBASE_CLIENT_EMAIL is not set in environment variables
FIREBASE_PRIVATE_KEY is not set in environment variables
[BUILD] Using Firebase Admin mock implementation during build
FIREBASE_PROJECT_ID is not set in environment variables
FIREBASE_CLIENT_EMAIL is not set in environment variables
FIREBASE_PRIVATE_KEY is not set in environment variables
[BUILD] Using Firebase Admin mock implementation during build
FIREBASE_PROJECT_ID is not set in environment variables
FIREBASE_CLIENT_EMAIL is not set in environment variables
FIREBASE_PRIVATE_KEY is not set in environment variables
[BUILD] Using Firebase Admin mock implementation during build
[BUILD] Skipping Firebase initialization during build phase
[BUILD] Skipping Firebase initialization during build phase
FIREBASE_PROJECT_ID is not set in environment variables
FIREBASE_CLIENT_EMAIL is not set in environment variables
FIREBASE_PRIVATE_KEY is not set in environment variables
FIREBASE_PROJECT_ID is not set in environment variables
FIREBASE_CLIENT_EMAIL is not set in environment variables
FIREBASE_PRIVATE_KEY is not set in environment variables
[BUILD] Skipping Firebase initialization during build phase
FIREBASE_PROJECT_ID is not set in environment variables
FIREBASE_CLIENT_EMAIL is not set in environment variables
FIREBASE_PRIVATE_KEY is not set in environment variables
FIREBASE_PROJECT_ID is not set in environment variables
FIREBASE_CLIENT_EMAIL is not set in environment variables
FIREBASE_PRIVATE_KEY is not set in environment variables
   Generating static pages (0/25) ...
[BUILD] Skipping Firebase initialization during build phase
[BUILD] Skipping Firebase initialization during build phase
   Generating static pages (6/25) 
   Generating static pages (12/25) 
Error getting projects: Error: Firestore is not initialized
    at j (.next/server/app/about/page.js:1:1207)
    at p (.next/server/app/projects/page.js:28:3242)
    at stringify (<anonymous>)
Error occurred prerendering page "/projects". Read more: https://nextjs.org/docs/messages/prerender-error
Error [ProjectError]: Failed to get projects
    at j (.next/server/app/about/page.js:1:1546)
    at p (.next/server/app/projects/page.js:28:3242)
    at stringify (<anonymous>) {
  originalError: Error: Firestore is not initialized
      at j (.next/server/app/about/page.js:1:1207)
      at p (.next/server/app/projects/page.js:28:3242)
      at stringify (<anonymous>),
  digest: '3601710645'
}
Export encountered an error on /projects/page: /projects, exiting the build.
 ⨯ Next.js build worker exited with code: 1 and signal: null
